error[E0618]: expected function, found `!`
  --> $DIR/issue-18532.rs:6:5
   |
LL |     (return)((),()); //~ ERROR expected function, found `!`
   |     ^^^^^^^^-------
   |     |
   |     call expression requires function

error: aborting due to previous error

For more information about this error, try `rustc --explain E0618`.
