error: could not find defining uses
  --> $DIR/declared_but_never_defined.rs:6:1
   |
LL | existential type Bar: std::fmt::Debug; //~ ERROR could not find defining uses
   | ^^^^^^^^^^^^^^^^^^^^^^^^^^^^^^^^^^^^^^

error: aborting due to previous error

