error: no rules expected the token `enum E { }`
  --> $DIR/nonterminal-matching.rs:19:10
   |
LL |     n!(a $nt_item b); //~ ERROR no rules expected the token `enum E { }`
   |          ^^^^^^^^ no rules expected this token in macro call
...
LL | complex_nonterminal!(enum E {});
   | -------------------------------- in this macro invocation

error: aborting due to previous error

