error[E0382]: use of moved value: `arc_v`
  --> $DIR/no-capture-arc.rs:14:18
   |
LL |     thread::spawn(move|| {
   |                   ------ value moved (into closure) here
...
LL |     assert_eq!((*arc_v)[2], 3);
   |                  ^^^^^ value used here after move
   |
   = note: move occurs because `arc_v` has type `std::sync::Arc<std::vec::Vec<i32>>`, which does not implement the `Copy` trait

error[E0382]: use of moved value: `arc_v`
  --> $DIR/no-capture-arc.rs:16:23
   |
LL |     thread::spawn(move|| {
   |                   ------ value moved (into closure) here
...
LL |     println!("{:?}", *arc_v);
   |                       ^^^^^ value used here after move
   |
   = note: move occurs because `arc_v` has type `std::sync::Arc<std::vec::Vec<i32>>`, which does not implement the `Copy` trait

error: aborting due to 2 previous errors

For more information about this error, try `rustc --explain E0382`.
